Processing data file: /data/bipartite_graphs/rec-amz-Apps_for_Android/rec-amz-Apps_for_Android.txt
Running command: ../bin/run -f "/data/bipartite_graphs/rec-amz-Apps_for_Android/rec-amz-Apps_for_Android.txt" -p 5 -q 6 -GPM
Running command: ../bin/run -f "/data/bipartite_graphs/rec-amz-Apps_for_Android/rec-amz-Apps_for_Android.txt" -p 5 -q 6 -GPM
Running command: ../bin/run -f "/data/bipartite_graphs/rec-amz-Apps_for_Android/rec-amz-Apps_for_Android.txt" -p 5 -q 6 -GPM
Running command: ../bin/run -f "/data/bipartite_graphs/rec-amz-Apps_for_Android/rec-amz-Apps_for_Android.txt" -p 5 -q 6 -GPM
Running command: ../bin/run -f "/data/bipartite_graphs/rec-amz-Apps_for_Android/rec-amz-Apps_for_Android.txt" -p 5 -q 6 -GPM
Running command: ../bin/run -f "/data/bipartite_graphs/rec-amz-Apps_for_Android/rec-amz-Apps_for_Android.txt" -p 5 -q 8 -GPM
Running command: ../bin/run -f "/data/bipartite_graphs/rec-amz-Apps_for_Android/rec-amz-Apps_for_Android.txt" -p 5 -q 8 -GPM
Running command: ../bin/run -f "/data/bipartite_graphs/rec-amz-Apps_for_Android/rec-amz-Apps_for_Android.txt" -p 5 -q 8 -GPM
Running command: ../bin/run -f "/data/bipartite_graphs/rec-amz-Apps_for_Android/rec-amz-Apps_for_Android.txt" -p 5 -q 8 -GPM
Running command: ../bin/run -f "/data/bipartite_graphs/rec-amz-Apps_for_Android/rec-amz-Apps_for_Android.txt" -p 5 -q 8 -GPM
Running command: ../bin/run -f "/data/bipartite_graphs/rec-amz-Apps_for_Android/rec-amz-Apps_for_Android.txt" -p 5 -q 10 -GPM
Running command: ../bin/run -f "/data/bipartite_graphs/rec-amz-Apps_for_Android/rec-amz-Apps_for_Android.txt" -p 5 -q 10 -GPM
Running command: ../bin/run -f "/data/bipartite_graphs/rec-amz-Apps_for_Android/rec-amz-Apps_for_Android.txt" -p 5 -q 10 -GPM
Running command: ../bin/run -f "/data/bipartite_graphs/rec-amz-Apps_for_Android/rec-amz-Apps_for_Android.txt" -p 5 -q 10 -GPM
Running command: ../bin/run -f "/data/bipartite_graphs/rec-amz-Apps_for_Android/rec-amz-Apps_for_Android.txt" -p 5 -q 10 -GPM
Running command: ../bin/run -f "/data/bipartite_graphs/rec-amz-Apps_for_Android/rec-amz-Apps_for_Android.txt" -p 7 -q 6 -GPM
Running command: ../bin/run -f "/data/bipartite_graphs/rec-amz-Apps_for_Android/rec-amz-Apps_for_Android.txt" -p 7 -q 6 -GPM
Running command: ../bin/run -f "/data/bipartite_graphs/rec-amz-Apps_for_Android/rec-amz-Apps_for_Android.txt" -p 7 -q 6 -GPM
Running command: ../bin/run -f "/data/bipartite_graphs/rec-amz-Apps_for_Android/rec-amz-Apps_for_Android.txt" -p 7 -q 6 -GPM
Running command: ../bin/run -f "/data/bipartite_graphs/rec-amz-Apps_for_Android/rec-amz-Apps_for_Android.txt" -p 7 -q 6 -GPM
Running command: ../bin/run -f "/data/bipartite_graphs/rec-amz-Apps_for_Android/rec-amz-Apps_for_Android.txt" -p 7 -q 10 -GPM
Running command: ../bin/run -f "/data/bipartite_graphs/rec-amz-Apps_for_Android/rec-amz-Apps_for_Android.txt" -p 7 -q 10 -GPM
Running command: ../bin/run -f "/data/bipartite_graphs/rec-amz-Apps_for_Android/rec-amz-Apps_for_Android.txt" -p 7 -q 10 -GPM
Running command: ../bin/run -f "/data/bipartite_graphs/rec-amz-Apps_for_Android/rec-amz-Apps_for_Android.txt" -p 7 -q 10 -GPM
Running command: ../bin/run -f "/data/bipartite_graphs/rec-amz-Apps_for_Android/rec-amz-Apps_for_Android.txt" -p 7 -q 10 -GPM
Running command: ../bin/run -f "/data/bipartite_graphs/rec-amz-Apps_for_Android/rec-amz-Apps_for_Android.txt" -p 9 -q 6 -GPM
Running command: ../bin/run -f "/data/bipartite_graphs/rec-amz-Apps_for_Android/rec-amz-Apps_for_Android.txt" -p 9 -q 6 -GPM
Running command: ../bin/run -f "/data/bipartite_graphs/rec-amz-Apps_for_Android/rec-amz-Apps_for_Android.txt" -p 9 -q 6 -GPM
Running command: ../bin/run -f "/data/bipartite_graphs/rec-amz-Apps_for_Android/rec-amz-Apps_for_Android.txt" -p 9 -q 6 -GPM
Running command: ../bin/run -f "/data/bipartite_graphs/rec-amz-Apps_for_Android/rec-amz-Apps_for_Android.txt" -p 9 -q 6 -GPM
Running command: ../bin/run -f "/data/bipartite_graphs/rec-amz-Apps_for_Android/rec-amz-Apps_for_Android.txt" -p 9 -q 10 -GPM
Running command: ../bin/run -f "/data/bipartite_graphs/rec-amz-Apps_for_Android/rec-amz-Apps_for_Android.txt" -p 9 -q 10 -GPM
Running command: ../bin/run -f "/data/bipartite_graphs/rec-amz-Apps_for_Android/rec-amz-Apps_for_Android.txt" -p 9 -q 10 -GPM
Running command: ../bin/run -f "/data/bipartite_graphs/rec-amz-Apps_for_Android/rec-amz-Apps_for_Android.txt" -p 9 -q 10 -GPM
Running command: ../bin/run -f "/data/bipartite_graphs/rec-amz-Apps_for_Android/rec-amz-Apps_for_Android.txt" -p 9 -q 10 -GPM
Processing data file: /data/bipartite_graphs/rec-amz-Books/rec-amz-Books.txt
Running command: ../bin/run -f "/data/bipartite_graphs/rec-amz-Books/rec-amz-Books.txt" -p 5 -q 6 -GPM
Running command: ../bin/run -f "/data/bipartite_graphs/rec-amz-Books/rec-amz-Books.txt" -p 5 -q 6 -GPM
Running command: ../bin/run -f "/data/bipartite_graphs/rec-amz-Books/rec-amz-Books.txt" -p 5 -q 6 -GPM
Running command: ../bin/run -f "/data/bipartite_graphs/rec-amz-Books/rec-amz-Books.txt" -p 5 -q 6 -GPM
Running command: ../bin/run -f "/data/bipartite_graphs/rec-amz-Books/rec-amz-Books.txt" -p 5 -q 6 -GPM
Running command: ../bin/run -f "/data/bipartite_graphs/rec-amz-Books/rec-amz-Books.txt" -p 5 -q 8 -GPM
Running command: ../bin/run -f "/data/bipartite_graphs/rec-amz-Books/rec-amz-Books.txt" -p 5 -q 8 -GPM
Running command: ../bin/run -f "/data/bipartite_graphs/rec-amz-Books/rec-amz-Books.txt" -p 5 -q 8 -GPM
Running command: ../bin/run -f "/data/bipartite_graphs/rec-amz-Books/rec-amz-Books.txt" -p 5 -q 8 -GPM
Running command: ../bin/run -f "/data/bipartite_graphs/rec-amz-Books/rec-amz-Books.txt" -p 5 -q 8 -GPM
Running command: ../bin/run -f "/data/bipartite_graphs/rec-amz-Books/rec-amz-Books.txt" -p 5 -q 10 -GPM
Running command: ../bin/run -f "/data/bipartite_graphs/rec-amz-Books/rec-amz-Books.txt" -p 5 -q 10 -GPM
Running command: ../bin/run -f "/data/bipartite_graphs/rec-amz-Books/rec-amz-Books.txt" -p 5 -q 10 -GPM
Running command: ../bin/run -f "/data/bipartite_graphs/rec-amz-Books/rec-amz-Books.txt" -p 5 -q 10 -GPM
Running command: ../bin/run -f "/data/bipartite_graphs/rec-amz-Books/rec-amz-Books.txt" -p 5 -q 10 -GPM
Running command: ../bin/run -f "/data/bipartite_graphs/rec-amz-Books/rec-amz-Books.txt" -p 7 -q 6 -GPM
Running command: ../bin/run -f "/data/bipartite_graphs/rec-amz-Books/rec-amz-Books.txt" -p 7 -q 6 -GPM
Running command: ../bin/run -f "/data/bipartite_graphs/rec-amz-Books/rec-amz-Books.txt" -p 7 -q 6 -GPM
Running command: ../bin/run -f "/data/bipartite_graphs/rec-amz-Books/rec-amz-Books.txt" -p 7 -q 6 -GPM
Running command: ../bin/run -f "/data/bipartite_graphs/rec-amz-Books/rec-amz-Books.txt" -p 7 -q 6 -GPM
Running command: ../bin/run -f "/data/bipartite_graphs/rec-amz-Books/rec-amz-Books.txt" -p 7 -q 10 -GPM
Running command: ../bin/run -f "/data/bipartite_graphs/rec-amz-Books/rec-amz-Books.txt" -p 7 -q 10 -GPM
Running command: ../bin/run -f "/data/bipartite_graphs/rec-amz-Books/rec-amz-Books.txt" -p 7 -q 10 -GPM
Running command: ../bin/run -f "/data/bipartite_graphs/rec-amz-Books/rec-amz-Books.txt" -p 7 -q 10 -GPM
Running command: ../bin/run -f "/data/bipartite_graphs/rec-amz-Books/rec-amz-Books.txt" -p 7 -q 10 -GPM
Running command: ../bin/run -f "/data/bipartite_graphs/rec-amz-Books/rec-amz-Books.txt" -p 9 -q 6 -GPM
Running command: ../bin/run -f "/data/bipartite_graphs/rec-amz-Books/rec-amz-Books.txt" -p 9 -q 6 -GPM
Running command: ../bin/run -f "/data/bipartite_graphs/rec-amz-Books/rec-amz-Books.txt" -p 9 -q 6 -GPM
Running command: ../bin/run -f "/data/bipartite_graphs/rec-amz-Books/rec-amz-Books.txt" -p 9 -q 6 -GPM
Running command: ../bin/run -f "/data/bipartite_graphs/rec-amz-Books/rec-amz-Books.txt" -p 9 -q 6 -GPM
Running command: ../bin/run -f "/data/bipartite_graphs/rec-amz-Books/rec-amz-Books.txt" -p 9 -q 10 -GPM
Running command: ../bin/run -f "/data/bipartite_graphs/rec-amz-Books/rec-amz-Books.txt" -p 9 -q 10 -GPM
Running command: ../bin/run -f "/data/bipartite_graphs/rec-amz-Books/rec-amz-Books.txt" -p 9 -q 10 -GPM
Running command: ../bin/run -f "/data/bipartite_graphs/rec-amz-Books/rec-amz-Books.txt" -p 9 -q 10 -GPM
Running command: ../bin/run -f "/data/bipartite_graphs/rec-amz-Books/rec-amz-Books.txt" -p 9 -q 10 -GPM
Processing data file: /data/bipartite_graphs/rec-amz-Grocery-Gourmet-Food/rec-amz-Grocery-Gourmet-Food.txt
Running command: ../bin/run -f "/data/bipartite_graphs/rec-amz-Grocery-Gourmet-Food/rec-amz-Grocery-Gourmet-Food.txt" -p 5 -q 6 -GPM
Running command: ../bin/run -f "/data/bipartite_graphs/rec-amz-Grocery-Gourmet-Food/rec-amz-Grocery-Gourmet-Food.txt" -p 5 -q 6 -GPM
Running command: ../bin/run -f "/data/bipartite_graphs/rec-amz-Grocery-Gourmet-Food/rec-amz-Grocery-Gourmet-Food.txt" -p 5 -q 6 -GPM
Running command: ../bin/run -f "/data/bipartite_graphs/rec-amz-Grocery-Gourmet-Food/rec-amz-Grocery-Gourmet-Food.txt" -p 5 -q 6 -GPM
Running command: ../bin/run -f "/data/bipartite_graphs/rec-amz-Grocery-Gourmet-Food/rec-amz-Grocery-Gourmet-Food.txt" -p 5 -q 6 -GPM
Running command: ../bin/run -f "/data/bipartite_graphs/rec-amz-Grocery-Gourmet-Food/rec-amz-Grocery-Gourmet-Food.txt" -p 5 -q 8 -GPM
Running command: ../bin/run -f "/data/bipartite_graphs/rec-amz-Grocery-Gourmet-Food/rec-amz-Grocery-Gourmet-Food.txt" -p 5 -q 8 -GPM
Running command: ../bin/run -f "/data/bipartite_graphs/rec-amz-Grocery-Gourmet-Food/rec-amz-Grocery-Gourmet-Food.txt" -p 5 -q 8 -GPM
Running command: ../bin/run -f "/data/bipartite_graphs/rec-amz-Grocery-Gourmet-Food/rec-amz-Grocery-Gourmet-Food.txt" -p 5 -q 8 -GPM
Running command: ../bin/run -f "/data/bipartite_graphs/rec-amz-Grocery-Gourmet-Food/rec-amz-Grocery-Gourmet-Food.txt" -p 5 -q 8 -GPM
Running command: ../bin/run -f "/data/bipartite_graphs/rec-amz-Grocery-Gourmet-Food/rec-amz-Grocery-Gourmet-Food.txt" -p 5 -q 10 -GPM
Running command: ../bin/run -f "/data/bipartite_graphs/rec-amz-Grocery-Gourmet-Food/rec-amz-Grocery-Gourmet-Food.txt" -p 5 -q 10 -GPM
Running command: ../bin/run -f "/data/bipartite_graphs/rec-amz-Grocery-Gourmet-Food/rec-amz-Grocery-Gourmet-Food.txt" -p 5 -q 10 -GPM
Running command: ../bin/run -f "/data/bipartite_graphs/rec-amz-Grocery-Gourmet-Food/rec-amz-Grocery-Gourmet-Food.txt" -p 5 -q 10 -GPM
Running command: ../bin/run -f "/data/bipartite_graphs/rec-amz-Grocery-Gourmet-Food/rec-amz-Grocery-Gourmet-Food.txt" -p 5 -q 10 -GPM
Running command: ../bin/run -f "/data/bipartite_graphs/rec-amz-Grocery-Gourmet-Food/rec-amz-Grocery-Gourmet-Food.txt" -p 7 -q 6 -GPM
Running command: ../bin/run -f "/data/bipartite_graphs/rec-amz-Grocery-Gourmet-Food/rec-amz-Grocery-Gourmet-Food.txt" -p 7 -q 6 -GPM
Running command: ../bin/run -f "/data/bipartite_graphs/rec-amz-Grocery-Gourmet-Food/rec-amz-Grocery-Gourmet-Food.txt" -p 7 -q 6 -GPM
Running command: ../bin/run -f "/data/bipartite_graphs/rec-amz-Grocery-Gourmet-Food/rec-amz-Grocery-Gourmet-Food.txt" -p 7 -q 6 -GPM
Running command: ../bin/run -f "/data/bipartite_graphs/rec-amz-Grocery-Gourmet-Food/rec-amz-Grocery-Gourmet-Food.txt" -p 7 -q 6 -GPM
Running command: ../bin/run -f "/data/bipartite_graphs/rec-amz-Grocery-Gourmet-Food/rec-amz-Grocery-Gourmet-Food.txt" -p 7 -q 10 -GPM
Running command: ../bin/run -f "/data/bipartite_graphs/rec-amz-Grocery-Gourmet-Food/rec-amz-Grocery-Gourmet-Food.txt" -p 7 -q 10 -GPM
Running command: ../bin/run -f "/data/bipartite_graphs/rec-amz-Grocery-Gourmet-Food/rec-amz-Grocery-Gourmet-Food.txt" -p 7 -q 10 -GPM
Running command: ../bin/run -f "/data/bipartite_graphs/rec-amz-Grocery-Gourmet-Food/rec-amz-Grocery-Gourmet-Food.txt" -p 7 -q 10 -GPM
Running command: ../bin/run -f "/data/bipartite_graphs/rec-amz-Grocery-Gourmet-Food/rec-amz-Grocery-Gourmet-Food.txt" -p 7 -q 10 -GPM
Running command: ../bin/run -f "/data/bipartite_graphs/rec-amz-Grocery-Gourmet-Food/rec-amz-Grocery-Gourmet-Food.txt" -p 9 -q 6 -GPM
Running command: ../bin/run -f "/data/bipartite_graphs/rec-amz-Grocery-Gourmet-Food/rec-amz-Grocery-Gourmet-Food.txt" -p 9 -q 6 -GPM
Running command: ../bin/run -f "/data/bipartite_graphs/rec-amz-Grocery-Gourmet-Food/rec-amz-Grocery-Gourmet-Food.txt" -p 9 -q 6 -GPM
Running command: ../bin/run -f "/data/bipartite_graphs/rec-amz-Grocery-Gourmet-Food/rec-amz-Grocery-Gourmet-Food.txt" -p 9 -q 6 -GPM
Running command: ../bin/run -f "/data/bipartite_graphs/rec-amz-Grocery-Gourmet-Food/rec-amz-Grocery-Gourmet-Food.txt" -p 9 -q 6 -GPM
Running command: ../bin/run -f "/data/bipartite_graphs/rec-amz-Grocery-Gourmet-Food/rec-amz-Grocery-Gourmet-Food.txt" -p 9 -q 10 -GPM
Running command: ../bin/run -f "/data/bipartite_graphs/rec-amz-Grocery-Gourmet-Food/rec-amz-Grocery-Gourmet-Food.txt" -p 9 -q 10 -GPM
Running command: ../bin/run -f "/data/bipartite_graphs/rec-amz-Grocery-Gourmet-Food/rec-amz-Grocery-Gourmet-Food.txt" -p 9 -q 10 -GPM
Running command: ../bin/run -f "/data/bipartite_graphs/rec-amz-Grocery-Gourmet-Food/rec-amz-Grocery-Gourmet-Food.txt" -p 9 -q 10 -GPM
Running command: ../bin/run -f "/data/bipartite_graphs/rec-amz-Grocery-Gourmet-Food/rec-amz-Grocery-Gourmet-Food.txt" -p 9 -q 10 -GPM
Processing data file: /data/bipartite_graphs/rec-amz-CDs-and-Vinyl/rec-amz-CDs-and-Vinyl.txt
Running command: ../bin/run -f "/data/bipartite_graphs/rec-amz-CDs-and-Vinyl/rec-amz-CDs-and-Vinyl.txt" -p 5 -q 6 -GPM
Running command: ../bin/run -f "/data/bipartite_graphs/rec-amz-CDs-and-Vinyl/rec-amz-CDs-and-Vinyl.txt" -p 5 -q 6 -GPM
Running command: ../bin/run -f "/data/bipartite_graphs/rec-amz-CDs-and-Vinyl/rec-amz-CDs-and-Vinyl.txt" -p 5 -q 6 -GPM
Running command: ../bin/run -f "/data/bipartite_graphs/rec-amz-CDs-and-Vinyl/rec-amz-CDs-and-Vinyl.txt" -p 5 -q 6 -GPM
Running command: ../bin/run -f "/data/bipartite_graphs/rec-amz-CDs-and-Vinyl/rec-amz-CDs-and-Vinyl.txt" -p 5 -q 6 -GPM
Running command: ../bin/run -f "/data/bipartite_graphs/rec-amz-CDs-and-Vinyl/rec-amz-CDs-and-Vinyl.txt" -p 5 -q 8 -GPM
Running command: ../bin/run -f "/data/bipartite_graphs/rec-amz-CDs-and-Vinyl/rec-amz-CDs-and-Vinyl.txt" -p 5 -q 8 -GPM
Running command: ../bin/run -f "/data/bipartite_graphs/rec-amz-CDs-and-Vinyl/rec-amz-CDs-and-Vinyl.txt" -p 5 -q 8 -GPM
Running command: ../bin/run -f "/data/bipartite_graphs/rec-amz-CDs-and-Vinyl/rec-amz-CDs-and-Vinyl.txt" -p 5 -q 8 -GPM
Running command: ../bin/run -f "/data/bipartite_graphs/rec-amz-CDs-and-Vinyl/rec-amz-CDs-and-Vinyl.txt" -p 5 -q 8 -GPM
Running command: ../bin/run -f "/data/bipartite_graphs/rec-amz-CDs-and-Vinyl/rec-amz-CDs-and-Vinyl.txt" -p 5 -q 10 -GPM
Running command: ../bin/run -f "/data/bipartite_graphs/rec-amz-CDs-and-Vinyl/rec-amz-CDs-and-Vinyl.txt" -p 5 -q 10 -GPM
Running command: ../bin/run -f "/data/bipartite_graphs/rec-amz-CDs-and-Vinyl/rec-amz-CDs-and-Vinyl.txt" -p 5 -q 10 -GPM
Running command: ../bin/run -f "/data/bipartite_graphs/rec-amz-CDs-and-Vinyl/rec-amz-CDs-and-Vinyl.txt" -p 5 -q 10 -GPM
Running command: ../bin/run -f "/data/bipartite_graphs/rec-amz-CDs-and-Vinyl/rec-amz-CDs-and-Vinyl.txt" -p 5 -q 10 -GPM
Running command: ../bin/run -f "/data/bipartite_graphs/rec-amz-CDs-and-Vinyl/rec-amz-CDs-and-Vinyl.txt" -p 7 -q 6 -GPM
Running command: ../bin/run -f "/data/bipartite_graphs/rec-amz-CDs-and-Vinyl/rec-amz-CDs-and-Vinyl.txt" -p 7 -q 6 -GPM
Running command: ../bin/run -f "/data/bipartite_graphs/rec-amz-CDs-and-Vinyl/rec-amz-CDs-and-Vinyl.txt" -p 7 -q 6 -GPM
Running command: ../bin/run -f "/data/bipartite_graphs/rec-amz-CDs-and-Vinyl/rec-amz-CDs-and-Vinyl.txt" -p 7 -q 6 -GPM
Running command: ../bin/run -f "/data/bipartite_graphs/rec-amz-CDs-and-Vinyl/rec-amz-CDs-and-Vinyl.txt" -p 7 -q 6 -GPM
Running command: ../bin/run -f "/data/bipartite_graphs/rec-amz-CDs-and-Vinyl/rec-amz-CDs-and-Vinyl.txt" -p 7 -q 10 -GPM
Running command: ../bin/run -f "/data/bipartite_graphs/rec-amz-CDs-and-Vinyl/rec-amz-CDs-and-Vinyl.txt" -p 7 -q 10 -GPM
Running command: ../bin/run -f "/data/bipartite_graphs/rec-amz-CDs-and-Vinyl/rec-amz-CDs-and-Vinyl.txt" -p 7 -q 10 -GPM
Running command: ../bin/run -f "/data/bipartite_graphs/rec-amz-CDs-and-Vinyl/rec-amz-CDs-and-Vinyl.txt" -p 7 -q 10 -GPM
Running command: ../bin/run -f "/data/bipartite_graphs/rec-amz-CDs-and-Vinyl/rec-amz-CDs-and-Vinyl.txt" -p 7 -q 10 -GPM
Running command: ../bin/run -f "/data/bipartite_graphs/rec-amz-CDs-and-Vinyl/rec-amz-CDs-and-Vinyl.txt" -p 9 -q 6 -GPM
Running command: ../bin/run -f "/data/bipartite_graphs/rec-amz-CDs-and-Vinyl/rec-amz-CDs-and-Vinyl.txt" -p 9 -q 6 -GPM
Running command: ../bin/run -f "/data/bipartite_graphs/rec-amz-CDs-and-Vinyl/rec-amz-CDs-and-Vinyl.txt" -p 9 -q 6 -GPM
Running command: ../bin/run -f "/data/bipartite_graphs/rec-amz-CDs-and-Vinyl/rec-amz-CDs-and-Vinyl.txt" -p 9 -q 6 -GPM
Running command: ../bin/run -f "/data/bipartite_graphs/rec-amz-CDs-and-Vinyl/rec-amz-CDs-and-Vinyl.txt" -p 9 -q 6 -GPM
Running command: ../bin/run -f "/data/bipartite_graphs/rec-amz-CDs-and-Vinyl/rec-amz-CDs-and-Vinyl.txt" -p 9 -q 10 -GPM
Running command: ../bin/run -f "/data/bipartite_graphs/rec-amz-CDs-and-Vinyl/rec-amz-CDs-and-Vinyl.txt" -p 9 -q 10 -GPM
Running command: ../bin/run -f "/data/bipartite_graphs/rec-amz-CDs-and-Vinyl/rec-amz-CDs-and-Vinyl.txt" -p 9 -q 10 -GPM
Running command: ../bin/run -f "/data/bipartite_graphs/rec-amz-CDs-and-Vinyl/rec-amz-CDs-and-Vinyl.txt" -p 9 -q 10 -GPM
Running command: ../bin/run -f "/data/bipartite_graphs/rec-amz-CDs-and-Vinyl/rec-amz-CDs-and-Vinyl.txt" -p 9 -q 10 -GPM
Processing data file: /data/bipartite_graphs/aff-github-user2project/aff-github-user2project.txt
Running command: ../bin/run -f "/data/bipartite_graphs/aff-github-user2project/aff-github-user2project.txt" -p 5 -q 6 -GPM
Running command: ../bin/run -f "/data/bipartite_graphs/aff-github-user2project/aff-github-user2project.txt" -p 5 -q 6 -GPM
Running command: ../bin/run -f "/data/bipartite_graphs/aff-github-user2project/aff-github-user2project.txt" -p 5 -q 6 -GPM
Running command: ../bin/run -f "/data/bipartite_graphs/aff-github-user2project/aff-github-user2project.txt" -p 5 -q 6 -GPM
Running command: ../bin/run -f "/data/bipartite_graphs/aff-github-user2project/aff-github-user2project.txt" -p 5 -q 6 -GPM
Running command: ../bin/run -f "/data/bipartite_graphs/aff-github-user2project/aff-github-user2project.txt" -p 5 -q 8 -GPM
Running command: ../bin/run -f "/data/bipartite_graphs/aff-github-user2project/aff-github-user2project.txt" -p 5 -q 8 -GPM
Running command: ../bin/run -f "/data/bipartite_graphs/aff-github-user2project/aff-github-user2project.txt" -p 5 -q 8 -GPM
Running command: ../bin/run -f "/data/bipartite_graphs/aff-github-user2project/aff-github-user2project.txt" -p 5 -q 8 -GPM
Running command: ../bin/run -f "/data/bipartite_graphs/aff-github-user2project/aff-github-user2project.txt" -p 5 -q 8 -GPM
Running command: ../bin/run -f "/data/bipartite_graphs/aff-github-user2project/aff-github-user2project.txt" -p 5 -q 10 -GPM
Running command: ../bin/run -f "/data/bipartite_graphs/aff-github-user2project/aff-github-user2project.txt" -p 5 -q 10 -GPM
Running command: ../bin/run -f "/data/bipartite_graphs/aff-github-user2project/aff-github-user2project.txt" -p 5 -q 10 -GPM
Running command: ../bin/run -f "/data/bipartite_graphs/aff-github-user2project/aff-github-user2project.txt" -p 5 -q 10 -GPM
Running command: ../bin/run -f "/data/bipartite_graphs/aff-github-user2project/aff-github-user2project.txt" -p 5 -q 10 -GPM
Running command: ../bin/run -f "/data/bipartite_graphs/aff-github-user2project/aff-github-user2project.txt" -p 7 -q 6 -GPM
Running command: ../bin/run -f "/data/bipartite_graphs/aff-github-user2project/aff-github-user2project.txt" -p 7 -q 6 -GPM
Running command: ../bin/run -f "/data/bipartite_graphs/aff-github-user2project/aff-github-user2project.txt" -p 7 -q 6 -GPM
Running command: ../bin/run -f "/data/bipartite_graphs/aff-github-user2project/aff-github-user2project.txt" -p 7 -q 6 -GPM
Running command: ../bin/run -f "/data/bipartite_graphs/aff-github-user2project/aff-github-user2project.txt" -p 7 -q 6 -GPM
Running command: ../bin/run -f "/data/bipartite_graphs/aff-github-user2project/aff-github-user2project.txt" -p 7 -q 10 -GPM
Running command: ../bin/run -f "/data/bipartite_graphs/aff-github-user2project/aff-github-user2project.txt" -p 7 -q 10 -GPM
Running command: ../bin/run -f "/data/bipartite_graphs/aff-github-user2project/aff-github-user2project.txt" -p 7 -q 10 -GPM
Running command: ../bin/run -f "/data/bipartite_graphs/aff-github-user2project/aff-github-user2project.txt" -p 7 -q 10 -GPM
Running command: ../bin/run -f "/data/bipartite_graphs/aff-github-user2project/aff-github-user2project.txt" -p 7 -q 10 -GPM
Running command: ../bin/run -f "/data/bipartite_graphs/aff-github-user2project/aff-github-user2project.txt" -p 9 -q 6 -GPM
Running command: ../bin/run -f "/data/bipartite_graphs/aff-github-user2project/aff-github-user2project.txt" -p 9 -q 6 -GPM
Running command: ../bin/run -f "/data/bipartite_graphs/aff-github-user2project/aff-github-user2project.txt" -p 9 -q 6 -GPM
Running command: ../bin/run -f "/data/bipartite_graphs/aff-github-user2project/aff-github-user2project.txt" -p 9 -q 6 -GPM
Running command: ../bin/run -f "/data/bipartite_graphs/aff-github-user2project/aff-github-user2project.txt" -p 9 -q 6 -GPM
Running command: ../bin/run -f "/data/bipartite_graphs/aff-github-user2project/aff-github-user2project.txt" -p 9 -q 10 -GPM
Running command: ../bin/run -f "/data/bipartite_graphs/aff-github-user2project/aff-github-user2project.txt" -p 9 -q 10 -GPM
Running command: ../bin/run -f "/data/bipartite_graphs/aff-github-user2project/aff-github-user2project.txt" -p 9 -q 10 -GPM
Running command: ../bin/run -f "/data/bipartite_graphs/aff-github-user2project/aff-github-user2project.txt" -p 9 -q 10 -GPM
Running command: ../bin/run -f "/data/bipartite_graphs/aff-github-user2project/aff-github-user2project.txt" -p 9 -q 10 -GPM
Processing data file: /data/bipartite_graphs/rec-amz-Health-Personal-Care/rec-amz-Health-Personal-Care.txt
Running command: ../bin/run -f "/data/bipartite_graphs/rec-amz-Health-Personal-Care/rec-amz-Health-Personal-Care.txt" -p 5 -q 6 -GPM
Running command: ../bin/run -f "/data/bipartite_graphs/rec-amz-Health-Personal-Care/rec-amz-Health-Personal-Care.txt" -p 5 -q 6 -GPM
Running command: ../bin/run -f "/data/bipartite_graphs/rec-amz-Health-Personal-Care/rec-amz-Health-Personal-Care.txt" -p 5 -q 6 -GPM
Running command: ../bin/run -f "/data/bipartite_graphs/rec-amz-Health-Personal-Care/rec-amz-Health-Personal-Care.txt" -p 5 -q 6 -GPM
Running command: ../bin/run -f "/data/bipartite_graphs/rec-amz-Health-Personal-Care/rec-amz-Health-Personal-Care.txt" -p 5 -q 6 -GPM
Running command: ../bin/run -f "/data/bipartite_graphs/rec-amz-Health-Personal-Care/rec-amz-Health-Personal-Care.txt" -p 5 -q 8 -GPM
Running command: ../bin/run -f "/data/bipartite_graphs/rec-amz-Health-Personal-Care/rec-amz-Health-Personal-Care.txt" -p 5 -q 8 -GPM
Running command: ../bin/run -f "/data/bipartite_graphs/rec-amz-Health-Personal-Care/rec-amz-Health-Personal-Care.txt" -p 5 -q 8 -GPM
Running command: ../bin/run -f "/data/bipartite_graphs/rec-amz-Health-Personal-Care/rec-amz-Health-Personal-Care.txt" -p 5 -q 8 -GPM
Running command: ../bin/run -f "/data/bipartite_graphs/rec-amz-Health-Personal-Care/rec-amz-Health-Personal-Care.txt" -p 5 -q 8 -GPM
Running command: ../bin/run -f "/data/bipartite_graphs/rec-amz-Health-Personal-Care/rec-amz-Health-Personal-Care.txt" -p 5 -q 10 -GPM
Running command: ../bin/run -f "/data/bipartite_graphs/rec-amz-Health-Personal-Care/rec-amz-Health-Personal-Care.txt" -p 5 -q 10 -GPM
Running command: ../bin/run -f "/data/bipartite_graphs/rec-amz-Health-Personal-Care/rec-amz-Health-Personal-Care.txt" -p 5 -q 10 -GPM
Running command: ../bin/run -f "/data/bipartite_graphs/rec-amz-Health-Personal-Care/rec-amz-Health-Personal-Care.txt" -p 5 -q 10 -GPM
Running command: ../bin/run -f "/data/bipartite_graphs/rec-amz-Health-Personal-Care/rec-amz-Health-Personal-Care.txt" -p 5 -q 10 -GPM
Running command: ../bin/run -f "/data/bipartite_graphs/rec-amz-Health-Personal-Care/rec-amz-Health-Personal-Care.txt" -p 7 -q 6 -GPM
Running command: ../bin/run -f "/data/bipartite_graphs/rec-amz-Health-Personal-Care/rec-amz-Health-Personal-Care.txt" -p 7 -q 6 -GPM
Running command: ../bin/run -f "/data/bipartite_graphs/rec-amz-Health-Personal-Care/rec-amz-Health-Personal-Care.txt" -p 7 -q 6 -GPM
Running command: ../bin/run -f "/data/bipartite_graphs/rec-amz-Health-Personal-Care/rec-amz-Health-Personal-Care.txt" -p 7 -q 6 -GPM
Running command: ../bin/run -f "/data/bipartite_graphs/rec-amz-Health-Personal-Care/rec-amz-Health-Personal-Care.txt" -p 7 -q 6 -GPM
Running command: ../bin/run -f "/data/bipartite_graphs/rec-amz-Health-Personal-Care/rec-amz-Health-Personal-Care.txt" -p 7 -q 10 -GPM
Running command: ../bin/run -f "/data/bipartite_graphs/rec-amz-Health-Personal-Care/rec-amz-Health-Personal-Care.txt" -p 7 -q 10 -GPM
Running command: ../bin/run -f "/data/bipartite_graphs/rec-amz-Health-Personal-Care/rec-amz-Health-Personal-Care.txt" -p 7 -q 10 -GPM
Running command: ../bin/run -f "/data/bipartite_graphs/rec-amz-Health-Personal-Care/rec-amz-Health-Personal-Care.txt" -p 7 -q 10 -GPM
Running command: ../bin/run -f "/data/bipartite_graphs/rec-amz-Health-Personal-Care/rec-amz-Health-Personal-Care.txt" -p 7 -q 10 -GPM
Running command: ../bin/run -f "/data/bipartite_graphs/rec-amz-Health-Personal-Care/rec-amz-Health-Personal-Care.txt" -p 9 -q 6 -GPM
Running command: ../bin/run -f "/data/bipartite_graphs/rec-amz-Health-Personal-Care/rec-amz-Health-Personal-Care.txt" -p 9 -q 6 -GPM
Running command: ../bin/run -f "/data/bipartite_graphs/rec-amz-Health-Personal-Care/rec-amz-Health-Personal-Care.txt" -p 9 -q 6 -GPM
Running command: ../bin/run -f "/data/bipartite_graphs/rec-amz-Health-Personal-Care/rec-amz-Health-Personal-Care.txt" -p 9 -q 6 -GPM
Running command: ../bin/run -f "/data/bipartite_graphs/rec-amz-Health-Personal-Care/rec-amz-Health-Personal-Care.txt" -p 9 -q 6 -GPM
Running command: ../bin/run -f "/data/bipartite_graphs/rec-amz-Health-Personal-Care/rec-amz-Health-Personal-Care.txt" -p 9 -q 10 -GPM
Running command: ../bin/run -f "/data/bipartite_graphs/rec-amz-Health-Personal-Care/rec-amz-Health-Personal-Care.txt" -p 9 -q 10 -GPM
Running command: ../bin/run -f "/data/bipartite_graphs/rec-amz-Health-Personal-Care/rec-amz-Health-Personal-Care.txt" -p 9 -q 10 -GPM
Running command: ../bin/run -f "/data/bipartite_graphs/rec-amz-Health-Personal-Care/rec-amz-Health-Personal-Care.txt" -p 9 -q 10 -GPM
Running command: ../bin/run -f "/data/bipartite_graphs/rec-amz-Health-Personal-Care/rec-amz-Health-Personal-Care.txt" -p 9 -q 10 -GPM
Processing data file: /data/bipartite_graphs/ia-stackexch-user-marks-post-und/ia-stackexch-user-marks-post-und.txt
Running command: ../bin/run -f "/data/bipartite_graphs/ia-stackexch-user-marks-post-und/ia-stackexch-user-marks-post-und.txt" -p 5 -q 6 -GPM
Running command: ../bin/run -f "/data/bipartite_graphs/ia-stackexch-user-marks-post-und/ia-stackexch-user-marks-post-und.txt" -p 5 -q 6 -GPM
Running command: ../bin/run -f "/data/bipartite_graphs/ia-stackexch-user-marks-post-und/ia-stackexch-user-marks-post-und.txt" -p 5 -q 6 -GPM
Running command: ../bin/run -f "/data/bipartite_graphs/ia-stackexch-user-marks-post-und/ia-stackexch-user-marks-post-und.txt" -p 5 -q 6 -GPM
Running command: ../bin/run -f "/data/bipartite_graphs/ia-stackexch-user-marks-post-und/ia-stackexch-user-marks-post-und.txt" -p 5 -q 6 -GPM
Running command: ../bin/run -f "/data/bipartite_graphs/ia-stackexch-user-marks-post-und/ia-stackexch-user-marks-post-und.txt" -p 5 -q 8 -GPM
Running command: ../bin/run -f "/data/bipartite_graphs/ia-stackexch-user-marks-post-und/ia-stackexch-user-marks-post-und.txt" -p 5 -q 8 -GPM
Running command: ../bin/run -f "/data/bipartite_graphs/ia-stackexch-user-marks-post-und/ia-stackexch-user-marks-post-und.txt" -p 5 -q 8 -GPM
Running command: ../bin/run -f "/data/bipartite_graphs/ia-stackexch-user-marks-post-und/ia-stackexch-user-marks-post-und.txt" -p 5 -q 8 -GPM
Running command: ../bin/run -f "/data/bipartite_graphs/ia-stackexch-user-marks-post-und/ia-stackexch-user-marks-post-und.txt" -p 5 -q 8 -GPM
Running command: ../bin/run -f "/data/bipartite_graphs/ia-stackexch-user-marks-post-und/ia-stackexch-user-marks-post-und.txt" -p 5 -q 10 -GPM
Running command: ../bin/run -f "/data/bipartite_graphs/ia-stackexch-user-marks-post-und/ia-stackexch-user-marks-post-und.txt" -p 5 -q 10 -GPM
Running command: ../bin/run -f "/data/bipartite_graphs/ia-stackexch-user-marks-post-und/ia-stackexch-user-marks-post-und.txt" -p 5 -q 10 -GPM
Running command: ../bin/run -f "/data/bipartite_graphs/ia-stackexch-user-marks-post-und/ia-stackexch-user-marks-post-und.txt" -p 5 -q 10 -GPM
Running command: ../bin/run -f "/data/bipartite_graphs/ia-stackexch-user-marks-post-und/ia-stackexch-user-marks-post-und.txt" -p 5 -q 10 -GPM
Running command: ../bin/run -f "/data/bipartite_graphs/ia-stackexch-user-marks-post-und/ia-stackexch-user-marks-post-und.txt" -p 7 -q 6 -GPM
Running command: ../bin/run -f "/data/bipartite_graphs/ia-stackexch-user-marks-post-und/ia-stackexch-user-marks-post-und.txt" -p 7 -q 6 -GPM
Running command: ../bin/run -f "/data/bipartite_graphs/ia-stackexch-user-marks-post-und/ia-stackexch-user-marks-post-und.txt" -p 7 -q 6 -GPM
Running command: ../bin/run -f "/data/bipartite_graphs/ia-stackexch-user-marks-post-und/ia-stackexch-user-marks-post-und.txt" -p 7 -q 6 -GPM
Running command: ../bin/run -f "/data/bipartite_graphs/ia-stackexch-user-marks-post-und/ia-stackexch-user-marks-post-und.txt" -p 7 -q 6 -GPM
Running command: ../bin/run -f "/data/bipartite_graphs/ia-stackexch-user-marks-post-und/ia-stackexch-user-marks-post-und.txt" -p 7 -q 10 -GPM
Running command: ../bin/run -f "/data/bipartite_graphs/ia-stackexch-user-marks-post-und/ia-stackexch-user-marks-post-und.txt" -p 7 -q 10 -GPM
Running command: ../bin/run -f "/data/bipartite_graphs/ia-stackexch-user-marks-post-und/ia-stackexch-user-marks-post-und.txt" -p 7 -q 10 -GPM
Running command: ../bin/run -f "/data/bipartite_graphs/ia-stackexch-user-marks-post-und/ia-stackexch-user-marks-post-und.txt" -p 7 -q 10 -GPM
Running command: ../bin/run -f "/data/bipartite_graphs/ia-stackexch-user-marks-post-und/ia-stackexch-user-marks-post-und.txt" -p 7 -q 10 -GPM
Running command: ../bin/run -f "/data/bipartite_graphs/ia-stackexch-user-marks-post-und/ia-stackexch-user-marks-post-und.txt" -p 9 -q 6 -GPM
Running command: ../bin/run -f "/data/bipartite_graphs/ia-stackexch-user-marks-post-und/ia-stackexch-user-marks-post-und.txt" -p 9 -q 6 -GPM
Running command: ../bin/run -f "/data/bipartite_graphs/ia-stackexch-user-marks-post-und/ia-stackexch-user-marks-post-und.txt" -p 9 -q 6 -GPM
Running command: ../bin/run -f "/data/bipartite_graphs/ia-stackexch-user-marks-post-und/ia-stackexch-user-marks-post-und.txt" -p 9 -q 6 -GPM
Running command: ../bin/run -f "/data/bipartite_graphs/ia-stackexch-user-marks-post-und/ia-stackexch-user-marks-post-und.txt" -p 9 -q 6 -GPM
Running command: ../bin/run -f "/data/bipartite_graphs/ia-stackexch-user-marks-post-und/ia-stackexch-user-marks-post-und.txt" -p 9 -q 10 -GPM
Running command: ../bin/run -f "/data/bipartite_graphs/ia-stackexch-user-marks-post-und/ia-stackexch-user-marks-post-und.txt" -p 9 -q 10 -GPM
Running command: ../bin/run -f "/data/bipartite_graphs/ia-stackexch-user-marks-post-und/ia-stackexch-user-marks-post-und.txt" -p 9 -q 10 -GPM
Running command: ../bin/run -f "/data/bipartite_graphs/ia-stackexch-user-marks-post-und/ia-stackexch-user-marks-post-und.txt" -p 9 -q 10 -GPM
Running command: ../bin/run -f "/data/bipartite_graphs/ia-stackexch-user-marks-post-und/ia-stackexch-user-marks-post-und.txt" -p 9 -q 10 -GPM
Processing complete. Summary saved to summary_GPM.csv
Processing data file: /data/bipartite_graphs/rec-amz-Apps_for_Android/rec-amz-Apps_for_Android.txt
Running command: ../bin/run -f "/data/bipartite_graphs/rec-amz-Apps_for_Android/rec-amz-Apps_for_Android.txt" -p 5 -q 6 -GPM
Running command: ../bin/run -f "/data/bipartite_graphs/rec-amz-Apps_for_Android/rec-amz-Apps_for_Android.txt" -p 5 -q 6 -GPM
Running command: ../bin/run -f "/data/bipartite_graphs/rec-amz-Apps_for_Android/rec-amz-Apps_for_Android.txt" -p 5 -q 6 -GPM
Running command: ../bin/run -f "/data/bipartite_graphs/rec-amz-Apps_for_Android/rec-amz-Apps_for_Android.txt" -p 5 -q 8 -GPM
Running command: ../bin/run -f "/data/bipartite_graphs/rec-amz-Apps_for_Android/rec-amz-Apps_for_Android.txt" -p 5 -q 8 -GPM
Running command: ../bin/run -f "/data/bipartite_graphs/rec-amz-Apps_for_Android/rec-amz-Apps_for_Android.txt" -p 5 -q 8 -GPM
Running command: ../bin/run -f "/data/bipartite_graphs/rec-amz-Apps_for_Android/rec-amz-Apps_for_Android.txt" -p 5 -q 10 -GPM
Running command: ../bin/run -f "/data/bipartite_graphs/rec-amz-Apps_for_Android/rec-amz-Apps_for_Android.txt" -p 5 -q 10 -GPM
Running command: ../bin/run -f "/data/bipartite_graphs/rec-amz-Apps_for_Android/rec-amz-Apps_for_Android.txt" -p 5 -q 10 -GPM
Running command: ../bin/run -f "/data/bipartite_graphs/rec-amz-Apps_for_Android/rec-amz-Apps_for_Android.txt" -p 7 -q 6 -GPM
Running command: ../bin/run -f "/data/bipartite_graphs/rec-amz-Apps_for_Android/rec-amz-Apps_for_Android.txt" -p 7 -q 6 -GPM
Running command: ../bin/run -f "/data/bipartite_graphs/rec-amz-Apps_for_Android/rec-amz-Apps_for_Android.txt" -p 7 -q 6 -GPM
Running command: ../bin/run -f "/data/bipartite_graphs/rec-amz-Apps_for_Android/rec-amz-Apps_for_Android.txt" -p 7 -q 10 -GPM
Running command: ../bin/run -f "/data/bipartite_graphs/rec-amz-Apps_for_Android/rec-amz-Apps_for_Android.txt" -p 7 -q 10 -GPM
Running command: ../bin/run -f "/data/bipartite_graphs/rec-amz-Apps_for_Android/rec-amz-Apps_for_Android.txt" -p 7 -q 10 -GPM
Running command: ../bin/run -f "/data/bipartite_graphs/rec-amz-Apps_for_Android/rec-amz-Apps_for_Android.txt" -p 9 -q 6 -GPM
Running command: ../bin/run -f "/data/bipartite_graphs/rec-amz-Apps_for_Android/rec-amz-Apps_for_Android.txt" -p 9 -q 6 -GPM
Running command: ../bin/run -f "/data/bipartite_graphs/rec-amz-Apps_for_Android/rec-amz-Apps_for_Android.txt" -p 9 -q 6 -GPM
Running command: ../bin/run -f "/data/bipartite_graphs/rec-amz-Apps_for_Android/rec-amz-Apps_for_Android.txt" -p 9 -q 10 -GPM
Running command: ../bin/run -f "/data/bipartite_graphs/rec-amz-Apps_for_Android/rec-amz-Apps_for_Android.txt" -p 9 -q 10 -GPM
Running command: ../bin/run -f "/data/bipartite_graphs/rec-amz-Apps_for_Android/rec-amz-Apps_for_Android.txt" -p 9 -q 10 -GPM
Processing data file: /data/bipartite_graphs/rec-amz-Books/rec-amz-Books.txt
Running command: ../bin/run -f "/data/bipartite_graphs/rec-amz-Books/rec-amz-Books.txt" -p 5 -q 6 -GPM
Running command: ../bin/run -f "/data/bipartite_graphs/rec-amz-Books/rec-amz-Books.txt" -p 5 -q 6 -GPM
Running command: ../bin/run -f "/data/bipartite_graphs/rec-amz-Books/rec-amz-Books.txt" -p 5 -q 6 -GPM
Running command: ../bin/run -f "/data/bipartite_graphs/rec-amz-Books/rec-amz-Books.txt" -p 5 -q 8 -GPM
Running command: ../bin/run -f "/data/bipartite_graphs/rec-amz-Books/rec-amz-Books.txt" -p 5 -q 8 -GPM
Running command: ../bin/run -f "/data/bipartite_graphs/rec-amz-Books/rec-amz-Books.txt" -p 5 -q 8 -GPM
Running command: ../bin/run -f "/data/bipartite_graphs/rec-amz-Books/rec-amz-Books.txt" -p 5 -q 10 -GPM
Running command: ../bin/run -f "/data/bipartite_graphs/rec-amz-Books/rec-amz-Books.txt" -p 5 -q 10 -GPM
Running command: ../bin/run -f "/data/bipartite_graphs/rec-amz-Books/rec-amz-Books.txt" -p 5 -q 10 -GPM
Running command: ../bin/run -f "/data/bipartite_graphs/rec-amz-Books/rec-amz-Books.txt" -p 7 -q 6 -GPM
Running command: ../bin/run -f "/data/bipartite_graphs/rec-amz-Books/rec-amz-Books.txt" -p 7 -q 6 -GPM
Running command: ../bin/run -f "/data/bipartite_graphs/rec-amz-Books/rec-amz-Books.txt" -p 7 -q 6 -GPM
Running command: ../bin/run -f "/data/bipartite_graphs/rec-amz-Books/rec-amz-Books.txt" -p 7 -q 10 -GPM
Running command: ../bin/run -f "/data/bipartite_graphs/rec-amz-Books/rec-amz-Books.txt" -p 7 -q 10 -GPM
Running command: ../bin/run -f "/data/bipartite_graphs/rec-amz-Books/rec-amz-Books.txt" -p 7 -q 10 -GPM
Running command: ../bin/run -f "/data/bipartite_graphs/rec-amz-Books/rec-amz-Books.txt" -p 9 -q 6 -GPM
Running command: ../bin/run -f "/data/bipartite_graphs/rec-amz-Books/rec-amz-Books.txt" -p 9 -q 6 -GPM
Running command: ../bin/run -f "/data/bipartite_graphs/rec-amz-Books/rec-amz-Books.txt" -p 9 -q 6 -GPM
Running command: ../bin/run -f "/data/bipartite_graphs/rec-amz-Books/rec-amz-Books.txt" -p 9 -q 10 -GPM
Running command: ../bin/run -f "/data/bipartite_graphs/rec-amz-Books/rec-amz-Books.txt" -p 9 -q 10 -GPM
Running command: ../bin/run -f "/data/bipartite_graphs/rec-amz-Books/rec-amz-Books.txt" -p 9 -q 10 -GPM
Processing data file: /data/bipartite_graphs/rec-amz-Grocery-Gourmet-Food/rec-amz-Grocery-Gourmet-Food.txt
Running command: ../bin/run -f "/data/bipartite_graphs/rec-amz-Grocery-Gourmet-Food/rec-amz-Grocery-Gourmet-Food.txt" -p 5 -q 6 -GPM
Running command: ../bin/run -f "/data/bipartite_graphs/rec-amz-Grocery-Gourmet-Food/rec-amz-Grocery-Gourmet-Food.txt" -p 5 -q 6 -GPM
Running command: ../bin/run -f "/data/bipartite_graphs/rec-amz-Grocery-Gourmet-Food/rec-amz-Grocery-Gourmet-Food.txt" -p 5 -q 6 -GPM
Running command: ../bin/run -f "/data/bipartite_graphs/rec-amz-Grocery-Gourmet-Food/rec-amz-Grocery-Gourmet-Food.txt" -p 5 -q 8 -GPM
Running command: ../bin/run -f "/data/bipartite_graphs/rec-amz-Grocery-Gourmet-Food/rec-amz-Grocery-Gourmet-Food.txt" -p 5 -q 8 -GPM
Running command: ../bin/run -f "/data/bipartite_graphs/rec-amz-Grocery-Gourmet-Food/rec-amz-Grocery-Gourmet-Food.txt" -p 5 -q 8 -GPM
Running command: ../bin/run -f "/data/bipartite_graphs/rec-amz-Grocery-Gourmet-Food/rec-amz-Grocery-Gourmet-Food.txt" -p 5 -q 10 -GPM
Running command: ../bin/run -f "/data/bipartite_graphs/rec-amz-Grocery-Gourmet-Food/rec-amz-Grocery-Gourmet-Food.txt" -p 5 -q 10 -GPM
Running command: ../bin/run -f "/data/bipartite_graphs/rec-amz-Grocery-Gourmet-Food/rec-amz-Grocery-Gourmet-Food.txt" -p 5 -q 10 -GPM
Running command: ../bin/run -f "/data/bipartite_graphs/rec-amz-Grocery-Gourmet-Food/rec-amz-Grocery-Gourmet-Food.txt" -p 7 -q 6 -GPM
Running command: ../bin/run -f "/data/bipartite_graphs/rec-amz-Grocery-Gourmet-Food/rec-amz-Grocery-Gourmet-Food.txt" -p 7 -q 6 -GPM
Running command: ../bin/run -f "/data/bipartite_graphs/rec-amz-Grocery-Gourmet-Food/rec-amz-Grocery-Gourmet-Food.txt" -p 7 -q 6 -GPM
Running command: ../bin/run -f "/data/bipartite_graphs/rec-amz-Grocery-Gourmet-Food/rec-amz-Grocery-Gourmet-Food.txt" -p 7 -q 10 -GPM
Running command: ../bin/run -f "/data/bipartite_graphs/rec-amz-Grocery-Gourmet-Food/rec-amz-Grocery-Gourmet-Food.txt" -p 7 -q 10 -GPM
Running command: ../bin/run -f "/data/bipartite_graphs/rec-amz-Grocery-Gourmet-Food/rec-amz-Grocery-Gourmet-Food.txt" -p 7 -q 10 -GPM
Running command: ../bin/run -f "/data/bipartite_graphs/rec-amz-Grocery-Gourmet-Food/rec-amz-Grocery-Gourmet-Food.txt" -p 9 -q 6 -GPM
Running command: ../bin/run -f "/data/bipartite_graphs/rec-amz-Grocery-Gourmet-Food/rec-amz-Grocery-Gourmet-Food.txt" -p 9 -q 6 -GPM
Running command: ../bin/run -f "/data/bipartite_graphs/rec-amz-Grocery-Gourmet-Food/rec-amz-Grocery-Gourmet-Food.txt" -p 9 -q 6 -GPM
Running command: ../bin/run -f "/data/bipartite_graphs/rec-amz-Grocery-Gourmet-Food/rec-amz-Grocery-Gourmet-Food.txt" -p 9 -q 10 -GPM
Running command: ../bin/run -f "/data/bipartite_graphs/rec-amz-Grocery-Gourmet-Food/rec-amz-Grocery-Gourmet-Food.txt" -p 9 -q 10 -GPM
Running command: ../bin/run -f "/data/bipartite_graphs/rec-amz-Grocery-Gourmet-Food/rec-amz-Grocery-Gourmet-Food.txt" -p 9 -q 10 -GPM
Processing data file: /data/bipartite_graphs/rec-amz-CDs-and-Vinyl/rec-amz-CDs-and-Vinyl.txt
Running command: ../bin/run -f "/data/bipartite_graphs/rec-amz-CDs-and-Vinyl/rec-amz-CDs-and-Vinyl.txt" -p 5 -q 6 -GPM
Running command: ../bin/run -f "/data/bipartite_graphs/rec-amz-CDs-and-Vinyl/rec-amz-CDs-and-Vinyl.txt" -p 5 -q 6 -GPM
Running command: ../bin/run -f "/data/bipartite_graphs/rec-amz-CDs-and-Vinyl/rec-amz-CDs-and-Vinyl.txt" -p 5 -q 6 -GPM
Running command: ../bin/run -f "/data/bipartite_graphs/rec-amz-CDs-and-Vinyl/rec-amz-CDs-and-Vinyl.txt" -p 5 -q 8 -GPM
Running command: ../bin/run -f "/data/bipartite_graphs/rec-amz-CDs-and-Vinyl/rec-amz-CDs-and-Vinyl.txt" -p 5 -q 8 -GPM
Running command: ../bin/run -f "/data/bipartite_graphs/rec-amz-CDs-and-Vinyl/rec-amz-CDs-and-Vinyl.txt" -p 5 -q 8 -GPM
Running command: ../bin/run -f "/data/bipartite_graphs/rec-amz-CDs-and-Vinyl/rec-amz-CDs-and-Vinyl.txt" -p 5 -q 10 -GPM
Running command: ../bin/run -f "/data/bipartite_graphs/rec-amz-CDs-and-Vinyl/rec-amz-CDs-and-Vinyl.txt" -p 5 -q 10 -GPM
Running command: ../bin/run -f "/data/bipartite_graphs/rec-amz-CDs-and-Vinyl/rec-amz-CDs-and-Vinyl.txt" -p 5 -q 10 -GPM
Running command: ../bin/run -f "/data/bipartite_graphs/rec-amz-CDs-and-Vinyl/rec-amz-CDs-and-Vinyl.txt" -p 7 -q 6 -GPM
Running command: ../bin/run -f "/data/bipartite_graphs/rec-amz-CDs-and-Vinyl/rec-amz-CDs-and-Vinyl.txt" -p 7 -q 6 -GPM
Running command: ../bin/run -f "/data/bipartite_graphs/rec-amz-CDs-and-Vinyl/rec-amz-CDs-and-Vinyl.txt" -p 7 -q 6 -GPM
Running command: ../bin/run -f "/data/bipartite_graphs/rec-amz-CDs-and-Vinyl/rec-amz-CDs-and-Vinyl.txt" -p 7 -q 10 -GPM
Running command: ../bin/run -f "/data/bipartite_graphs/rec-amz-CDs-and-Vinyl/rec-amz-CDs-and-Vinyl.txt" -p 7 -q 10 -GPM
Running command: ../bin/run -f "/data/bipartite_graphs/rec-amz-CDs-and-Vinyl/rec-amz-CDs-and-Vinyl.txt" -p 7 -q 10 -GPM
Running command: ../bin/run -f "/data/bipartite_graphs/rec-amz-CDs-and-Vinyl/rec-amz-CDs-and-Vinyl.txt" -p 9 -q 6 -GPM
Running command: ../bin/run -f "/data/bipartite_graphs/rec-amz-CDs-and-Vinyl/rec-amz-CDs-and-Vinyl.txt" -p 9 -q 6 -GPM
Running command: ../bin/run -f "/data/bipartite_graphs/rec-amz-CDs-and-Vinyl/rec-amz-CDs-and-Vinyl.txt" -p 9 -q 6 -GPM
Running command: ../bin/run -f "/data/bipartite_graphs/rec-amz-CDs-and-Vinyl/rec-amz-CDs-and-Vinyl.txt" -p 9 -q 10 -GPM
Running command: ../bin/run -f "/data/bipartite_graphs/rec-amz-CDs-and-Vinyl/rec-amz-CDs-and-Vinyl.txt" -p 9 -q 10 -GPM
Running command: ../bin/run -f "/data/bipartite_graphs/rec-amz-CDs-and-Vinyl/rec-amz-CDs-and-Vinyl.txt" -p 9 -q 10 -GPM
Processing data file: /data/bipartite_graphs/aff-github-user2project/aff-github-user2project.txt
Running command: ../bin/run -f "/data/bipartite_graphs/aff-github-user2project/aff-github-user2project.txt" -p 5 -q 6 -GPM
Running command: ../bin/run -f "/data/bipartite_graphs/aff-github-user2project/aff-github-user2project.txt" -p 5 -q 6 -GPM
Running command: ../bin/run -f "/data/bipartite_graphs/aff-github-user2project/aff-github-user2project.txt" -p 5 -q 6 -GPM
Running command: ../bin/run -f "/data/bipartite_graphs/aff-github-user2project/aff-github-user2project.txt" -p 5 -q 8 -GPM
Running command: ../bin/run -f "/data/bipartite_graphs/aff-github-user2project/aff-github-user2project.txt" -p 5 -q 8 -GPM
Running command: ../bin/run -f "/data/bipartite_graphs/aff-github-user2project/aff-github-user2project.txt" -p 5 -q 8 -GPM
Running command: ../bin/run -f "/data/bipartite_graphs/aff-github-user2project/aff-github-user2project.txt" -p 5 -q 10 -GPM
Running command: ../bin/run -f "/data/bipartite_graphs/aff-github-user2project/aff-github-user2project.txt" -p 5 -q 10 -GPM
Running command: ../bin/run -f "/data/bipartite_graphs/aff-github-user2project/aff-github-user2project.txt" -p 5 -q 10 -GPM
Running command: ../bin/run -f "/data/bipartite_graphs/aff-github-user2project/aff-github-user2project.txt" -p 7 -q 6 -GPM
Running command: ../bin/run -f "/data/bipartite_graphs/aff-github-user2project/aff-github-user2project.txt" -p 7 -q 6 -GPM
Running command: ../bin/run -f "/data/bipartite_graphs/aff-github-user2project/aff-github-user2project.txt" -p 7 -q 6 -GPM
Running command: ../bin/run -f "/data/bipartite_graphs/aff-github-user2project/aff-github-user2project.txt" -p 7 -q 10 -GPM
Running command: ../bin/run -f "/data/bipartite_graphs/aff-github-user2project/aff-github-user2project.txt" -p 7 -q 10 -GPM
Running command: ../bin/run -f "/data/bipartite_graphs/aff-github-user2project/aff-github-user2project.txt" -p 7 -q 10 -GPM
Running command: ../bin/run -f "/data/bipartite_graphs/aff-github-user2project/aff-github-user2project.txt" -p 9 -q 6 -GPM
Running command: ../bin/run -f "/data/bipartite_graphs/aff-github-user2project/aff-github-user2project.txt" -p 9 -q 6 -GPM
Running command: ../bin/run -f "/data/bipartite_graphs/aff-github-user2project/aff-github-user2project.txt" -p 9 -q 6 -GPM
Running command: ../bin/run -f "/data/bipartite_graphs/aff-github-user2project/aff-github-user2project.txt" -p 9 -q 10 -GPM
Running command: ../bin/run -f "/data/bipartite_graphs/aff-github-user2project/aff-github-user2project.txt" -p 9 -q 10 -GPM
Running command: ../bin/run -f "/data/bipartite_graphs/aff-github-user2project/aff-github-user2project.txt" -p 9 -q 10 -GPM
Processing data file: /data/bipartite_graphs/rec-amz-Health-Personal-Care/rec-amz-Health-Personal-Care.txt
Running command: ../bin/run -f "/data/bipartite_graphs/rec-amz-Health-Personal-Care/rec-amz-Health-Personal-Care.txt" -p 5 -q 6 -GPM
Running command: ../bin/run -f "/data/bipartite_graphs/rec-amz-Health-Personal-Care/rec-amz-Health-Personal-Care.txt" -p 5 -q 6 -GPM
Running command: ../bin/run -f "/data/bipartite_graphs/rec-amz-Health-Personal-Care/rec-amz-Health-Personal-Care.txt" -p 5 -q 6 -GPM
Running command: ../bin/run -f "/data/bipartite_graphs/rec-amz-Health-Personal-Care/rec-amz-Health-Personal-Care.txt" -p 5 -q 8 -GPM
Running command: ../bin/run -f "/data/bipartite_graphs/rec-amz-Health-Personal-Care/rec-amz-Health-Personal-Care.txt" -p 5 -q 8 -GPM
Running command: ../bin/run -f "/data/bipartite_graphs/rec-amz-Health-Personal-Care/rec-amz-Health-Personal-Care.txt" -p 5 -q 8 -GPM
Running command: ../bin/run -f "/data/bipartite_graphs/rec-amz-Health-Personal-Care/rec-amz-Health-Personal-Care.txt" -p 5 -q 10 -GPM
Running command: ../bin/run -f "/data/bipartite_graphs/rec-amz-Health-Personal-Care/rec-amz-Health-Personal-Care.txt" -p 5 -q 10 -GPM
Running command: ../bin/run -f "/data/bipartite_graphs/rec-amz-Health-Personal-Care/rec-amz-Health-Personal-Care.txt" -p 5 -q 10 -GPM
Running command: ../bin/run -f "/data/bipartite_graphs/rec-amz-Health-Personal-Care/rec-amz-Health-Personal-Care.txt" -p 7 -q 6 -GPM
Running command: ../bin/run -f "/data/bipartite_graphs/rec-amz-Health-Personal-Care/rec-amz-Health-Personal-Care.txt" -p 7 -q 6 -GPM
Running command: ../bin/run -f "/data/bipartite_graphs/rec-amz-Health-Personal-Care/rec-amz-Health-Personal-Care.txt" -p 7 -q 6 -GPM
Running command: ../bin/run -f "/data/bipartite_graphs/rec-amz-Health-Personal-Care/rec-amz-Health-Personal-Care.txt" -p 7 -q 10 -GPM
Running command: ../bin/run -f "/data/bipartite_graphs/rec-amz-Health-Personal-Care/rec-amz-Health-Personal-Care.txt" -p 7 -q 10 -GPM
Running command: ../bin/run -f "/data/bipartite_graphs/rec-amz-Health-Personal-Care/rec-amz-Health-Personal-Care.txt" -p 7 -q 10 -GPM
Running command: ../bin/run -f "/data/bipartite_graphs/rec-amz-Health-Personal-Care/rec-amz-Health-Personal-Care.txt" -p 9 -q 6 -GPM
Running command: ../bin/run -f "/data/bipartite_graphs/rec-amz-Health-Personal-Care/rec-amz-Health-Personal-Care.txt" -p 9 -q 6 -GPM
Running command: ../bin/run -f "/data/bipartite_graphs/rec-amz-Health-Personal-Care/rec-amz-Health-Personal-Care.txt" -p 9 -q 6 -GPM
Running command: ../bin/run -f "/data/bipartite_graphs/rec-amz-Health-Personal-Care/rec-amz-Health-Personal-Care.txt" -p 9 -q 10 -GPM
Running command: ../bin/run -f "/data/bipartite_graphs/rec-amz-Health-Personal-Care/rec-amz-Health-Personal-Care.txt" -p 9 -q 10 -GPM
Running command: ../bin/run -f "/data/bipartite_graphs/rec-amz-Health-Personal-Care/rec-amz-Health-Personal-Care.txt" -p 9 -q 10 -GPM
Processing data file: /data/bipartite_graphs/ia-stackexch-user-marks-post-und/ia-stackexch-user-marks-post-und.txt
Running command: ../bin/run -f "/data/bipartite_graphs/ia-stackexch-user-marks-post-und/ia-stackexch-user-marks-post-und.txt" -p 5 -q 6 -GPM
Running command: ../bin/run -f "/data/bipartite_graphs/ia-stackexch-user-marks-post-und/ia-stackexch-user-marks-post-und.txt" -p 5 -q 6 -GPM
Running command: ../bin/run -f "/data/bipartite_graphs/ia-stackexch-user-marks-post-und/ia-stackexch-user-marks-post-und.txt" -p 5 -q 6 -GPM
Running command: ../bin/run -f "/data/bipartite_graphs/ia-stackexch-user-marks-post-und/ia-stackexch-user-marks-post-und.txt" -p 5 -q 8 -GPM
Running command: ../bin/run -f "/data/bipartite_graphs/ia-stackexch-user-marks-post-und/ia-stackexch-user-marks-post-und.txt" -p 5 -q 8 -GPM
Running command: ../bin/run -f "/data/bipartite_graphs/ia-stackexch-user-marks-post-und/ia-stackexch-user-marks-post-und.txt" -p 5 -q 8 -GPM
Running command: ../bin/run -f "/data/bipartite_graphs/ia-stackexch-user-marks-post-und/ia-stackexch-user-marks-post-und.txt" -p 5 -q 10 -GPM
Running command: ../bin/run -f "/data/bipartite_graphs/ia-stackexch-user-marks-post-und/ia-stackexch-user-marks-post-und.txt" -p 5 -q 10 -GPM
Running command: ../bin/run -f "/data/bipartite_graphs/ia-stackexch-user-marks-post-und/ia-stackexch-user-marks-post-und.txt" -p 5 -q 10 -GPM
Running command: ../bin/run -f "/data/bipartite_graphs/ia-stackexch-user-marks-post-und/ia-stackexch-user-marks-post-und.txt" -p 7 -q 6 -GPM
Running command: ../bin/run -f "/data/bipartite_graphs/ia-stackexch-user-marks-post-und/ia-stackexch-user-marks-post-und.txt" -p 7 -q 6 -GPM
Running command: ../bin/run -f "/data/bipartite_graphs/ia-stackexch-user-marks-post-und/ia-stackexch-user-marks-post-und.txt" -p 7 -q 6 -GPM
Running command: ../bin/run -f "/data/bipartite_graphs/ia-stackexch-user-marks-post-und/ia-stackexch-user-marks-post-und.txt" -p 7 -q 10 -GPM
Running command: ../bin/run -f "/data/bipartite_graphs/ia-stackexch-user-marks-post-und/ia-stackexch-user-marks-post-und.txt" -p 7 -q 10 -GPM
Running command: ../bin/run -f "/data/bipartite_graphs/ia-stackexch-user-marks-post-und/ia-stackexch-user-marks-post-und.txt" -p 7 -q 10 -GPM
Running command: ../bin/run -f "/data/bipartite_graphs/ia-stackexch-user-marks-post-und/ia-stackexch-user-marks-post-und.txt" -p 9 -q 6 -GPM
Running command: ../bin/run -f "/data/bipartite_graphs/ia-stackexch-user-marks-post-und/ia-stackexch-user-marks-post-und.txt" -p 9 -q 6 -GPM
Running command: ../bin/run -f "/data/bipartite_graphs/ia-stackexch-user-marks-post-und/ia-stackexch-user-marks-post-und.txt" -p 9 -q 6 -GPM
Running command: ../bin/run -f "/data/bipartite_graphs/ia-stackexch-user-marks-post-und/ia-stackexch-user-marks-post-und.txt" -p 9 -q 10 -GPM
Running command: ../bin/run -f "/data/bipartite_graphs/ia-stackexch-user-marks-post-und/ia-stackexch-user-marks-post-und.txt" -p 9 -q 10 -GPM
Running command: ../bin/run -f "/data/bipartite_graphs/ia-stackexch-user-marks-post-und/ia-stackexch-user-marks-post-und.txt" -p 9 -q 10 -GPM
Processing complete. Summary saved to summary_oneref.csv
